[html.rrdevs.net/edcare/blog-details.html]
[backblue.gif]
[fade.gif]
[index.html]
[html.rrdevs.net/edcare/assets/img/favicon.png]
[html.rrdevs.net/edcare/assets/css/bootstrap.min.css]
[html.rrdevs.net/edcare/assets/css/venobox.min.css]
[html.rrdevs.net/edcare/assets/css/fontawesome.min.css]
[html.rrdevs.net/edcare/assets/css/animate.min.css]
[html.rrdevs.net/edcare/assets/css/keyframe-animation.css]
[html.rrdevs.net/edcare/assets/css/odometer.min.css]
[html.rrdevs.net/edcare/assets/css/nice-select.css]
[html.rrdevs.net/edcare/assets/css/daterangepicker.css]
[html.rrdevs.net/edcare/assets/css/swiper.min.css]
[html.rrdevs.net/edcare/assets/css/main.css]
[html.rrdevs.net/edcare/index.html]
[html.rrdevs.net/edcare/assets/img/logo/logo-1.png]
[html.rrdevs.net/edcare/index-2.html]
[html.rrdevs.net/edcare/index-3.html]
[html.rrdevs.net/edcare/index-4.html]
[html.rrdevs.net/edcare/index-5.html]
[html.rrdevs.net/edcare/index-6.html]
[html.rrdevs.net/edcare/index-7.html]
[html.rrdevs.net/edcare/index-8.html]
[html.rrdevs.net/edcare/index-9.html]
[html.rrdevs.net/edcare/index-10.html]
[html.rrdevs.net/edcare/index-11.html]
[html.rrdevs.net/edcare/index-12.html]
[html.rrdevs.net/edcare/index-13.html]
[html.rrdevs.net/edcare/index-14.html]
[html.rrdevs.net/edcare/index-15.html]
[html.rrdevs.net/edcare/index-16.html]
[html.rrdevs.net/edcare/index-17.html]
[html.rrdevs.net/edcare/index-18.html]
[html.rrdevs.net/edcare/index-19.html]
[html.rrdevs.net/edcare/index-20.html]
[html.rrdevs.net/edcare/index-21.html]
[html.rrdevs.net/edcare/course.html]
[html.rrdevs.net/edcare/course-details.html]
[html.rrdevs.net/edcare/shop.html]
[html.rrdevs.net/edcare/shop-details.html]
[html.rrdevs.net/edcare/cart.html]
[html.rrdevs.net/edcare/wishlist.html]
[html.rrdevs.net/edcare/checkout.html]
[html.rrdevs.net/edcare/about.html]
[html.rrdevs.net/edcare/teachers.html]
[html.rrdevs.net/edcare/pricing.html]
[html.rrdevs.net/edcare/event.html]
[html.rrdevs.net/edcare/event-details.html]
[html.rrdevs.net/edcare/error-page.html]
[html.rrdevs.net/edcare/blog-grid.html]
[html.rrdevs.net/edcare/blog.html]
[html.rrdevs.net/edcare/blog-list.html]
[html.rrdevs.net/edcare/contact.html]
[html.rrdevs.net/edcare/assets/img/bg-img/page-header-bg.png]
[html.rrdevs.net/edcare/assets/img/shapes/page-header-shape-1.png]
[html.rrdevs.net/edcare/assets/img/shapes/page-header-shape-2.png]
[html.rrdevs.net/edcare/assets/img/shapes/page-header-shape-3.png]
[html.rrdevs.net/edcare/assets/img/blog/blog-details-img.png]
[html.rrdevs.net/edcare/assets/img/blog/blog-details-img-2.png]
[html.rrdevs.net/edcare/assets/img/blog/sidebar-thumb-1.png]
[html.rrdevs.net/edcare/assets/img/blog/sidebar-thumb-2.png]
[html.rrdevs.net/edcare/assets/img/blog/sidebar-thumb-3.png]
[html.rrdevs.net/edcare/assets/img/bg-img/footer-bg.png]
[html.rrdevs.net/edcare/service.html]
[html.rrdevs.net/edcare/assets/img/images/footer-post-1.png]
[html.rrdevs.net/edcare/assets/img/images/footer-post-2.png]
[html.rrdevs.net/edcare/assets/js/vendor/jquary-3.6.0.min.js]
[html.rrdevs.net/edcare/assets/js/vendor/modernizr-2.8.3-respond-1.4.2.min.js]
[html.rrdevs.net/edcare/assets/js/vendor/bootstrap-bundle.js]
[html.rrdevs.net/edcare/assets/js/vendor/jquery.isotope.js]
[html.rrdevs.net/edcare/assets/js/vendor/waypoints.min.js]
[html.rrdevs.net/edcare/assets/js/vendor/moment.min.js]
[html.rrdevs.net/edcare/assets/js/vendor/daterangepicker.min.js]
[html.rrdevs.net/edcare/assets/js/vendor/venobox.min.js]
[html.rrdevs.net/edcare/assets/js/vendor/odometer.min.js]
[html.rrdevs.net/edcare/assets/js/vendor/countdown.js]
[html.rrdevs.net/edcare/assets/js/vendor/meanmenu.js]
[html.rrdevs.net/edcare/assets/js/vendor/smooth-scroll.js]
[html.rrdevs.net/edcare/assets/js/vendor/imagesloaded-pkgd.js]
[html.rrdevs.net/edcare/assets/js/vendor/wow.min.js]
[html.rrdevs.net/edcare/assets/js/vendor/jquery.carouselTicker.js]
[html.rrdevs.net/edcare/assets/js/vendor/nice-select.js]
[html.rrdevs.net/edcare/assets/js/vendor/swiper.min.js]
[html.rrdevs.net/edcare/blog-details.html]
[html.rrdevs.net/edcare/assets/js/main.js]
[html.rrdevs.net/edcare/assets/css/bootstrap.min.css]
[html.rrdevs.net/edcare/assets/fonts/fa-brands-400.woff2]
[html.rrdevs.net/edcare/assets/fonts/fa-brands-400.ttf]
[html.rrdevs.net/edcare/assets/fonts/fa-duotone-900.woff2]
[html.rrdevs.net/edcare/assets/fonts/fa-light-300.woff2]
[html.rrdevs.net/edcare/assets/fonts/fa-duotone-900.ttf]
[html.rrdevs.net/edcare/assets/fonts/fa-regular-400.woff2]
[html.rrdevs.net/edcare/assets/fonts/fa-regular-400.ttf]
[html.rrdevs.net/edcare/assets/fonts/fa-solid-900.woff2]
[html.rrdevs.net/edcare/assets/fonts/fa-solid-900.ttf]
[html.rrdevs.net/edcare/assets/fonts/fa-light-300.ttf]
[html.rrdevs.net/edcare/assets/fonts/fa-thin-100.woff2]
[html.rrdevs.net/edcare/assets/fonts/fa-thin-100.ttf]
[html.rrdevs.net/edcare/assets/font/fa-v4compatibility.woff2]
[html.rrdevs.net/edcare/assets/font/fa-v4compatibility.ttf]
[html.rrdevs.net/edcare/assets/css/fontawesome.min.css]
[html.rrdevs.net/edcare/assets/css/venobox.min.css]
[html.rrdevs.net/edcare/assets/css/animate.min.css]
[html.rrdevs.net/edcare/assets/css/keyframe-animation.css]
[html.rrdevs.net/edcare/assets/css/odometer.min.css]
[html.rrdevs.net/edcare/assets/css/nice-select.css]
[html.rrdevs.net/edcare/assets/css/daterangepicker.css]
[html.rrdevs.net/edcare/assets/css/swiper.min.css]
[html.rrdevs.net/edcare/assets/img/cancel.png]
[html.rrdevs.net/edcare/assets/img/cross.png]
[html.rrdevs.net/edcare/assets/css/main.css]
[html.rrdevs.net/edcare/assets/img/shapes/hero-shape-2.png]
[html.rrdevs.net/edcare/assets/img/shapes/hero-shape-3.png]
[html.rrdevs.net/edcare/assets/img/shapes/hero-shape-4.png]
[html.rrdevs.net/edcare/assets/img/images/hero-author-1.png]
[html.rrdevs.net/edcare/assets/img/images/hero-author-2.png]
[html.rrdevs.net/edcare/assets/img/images/hero-author-3.png]
[html.rrdevs.net/edcare/assets/img/images/hero-author-4.png]
[html.rrdevs.net/edcare/assets/img/images/hero-img-1.png]
[html.rrdevs.net/edcare/assets/img/shapes/hero-shape-1.png]
[html.rrdevs.net/edcare/assets/img/images/about-img-1.jpg]
[html.rrdevs.net/edcare/assets/img/images/about-img-2.jpg]
[html.rrdevs.net/edcare/assets/img/icon/about-1.png]
[html.rrdevs.net/edcare/assets/img/icon/about-2.png]
[html.rrdevs.net/edcare/assets/img/icon/category-1.png]
[html.rrdevs.net/edcare/assets/img/icon/category-2.png]
[html.rrdevs.net/edcare/assets/img/icon/category-3.png]
[html.rrdevs.net/edcare/assets/img/icon/category-4.png]
[html.rrdevs.net/edcare/assets/img/icon/category-5.png]
[html.rrdevs.net/edcare/assets/img/icon/category-6.png]
[html.rrdevs.net/edcare/assets/img/icon/category-7.png]
[html.rrdevs.net/edcare/assets/img/shapes/promo-shape-1.png]
[html.rrdevs.net/edcare/assets/img/shapes/promo-shape-2.png]
[html.rrdevs.net/edcare/assets/img/images/promo-img-1.png]
[html.rrdevs.net/edcare/assets/img/icon/promo-4.png]
[html.rrdevs.net/edcare/assets/img/images/promo-img-2.png]
[html.rrdevs.net/edcare/assets/img/icon/promo-5.png]
[html.rrdevs.net/edcare/assets/img/images/promo-img-3.png]
[html.rrdevs.net/edcare/assets/img/icon/promo-6.png]
[html.rrdevs.net/edcare/assets/img/images/course-img-1.png]
[html.rrdevs.net/edcare/assets/img/images/course-author-1.png]
[html.rrdevs.net/edcare/assets/img/images/course-img-2.png]
[html.rrdevs.net/edcare/assets/img/images/course-author-2.png]
[html.rrdevs.net/edcare/assets/img/images/course-img-3.png]
[html.rrdevs.net/edcare/assets/img/images/course-author-3.png]
[html.rrdevs.net/edcare/assets/img/images/faq-img.png]
[html.rrdevs.net/edcare/assets/img/images/faq-thumb-1.png]
[html.rrdevs.net/edcare/assets/img/images/faq-thumb-2.png]
[html.rrdevs.net/edcare/assets/img/images/faq-thumb-3.png]
[html.rrdevs.net/edcare/assets/img/images/faq-thumb-4.png]
[html.rrdevs.net/edcare/assets/img/bg-img/team-bg.png]
[html.rrdevs.net/edcare/assets/img/team/team-1.png]
[html.rrdevs.net/edcare/assets/img/team/team-2.png]
[html.rrdevs.net/edcare/assets/img/team/team-3.png]
[html.rrdevs.net/edcare/assets/img/team/team-4.png]
[html.rrdevs.net/edcare/assets/img/images/content-img-1.png]
[html.rrdevs.net/edcare/assets/img/images/content-img-2.png]
[html.rrdevs.net/edcare/assets/img/images/content-img-3.png]
[html.rrdevs.net/edcare/assets/img/icon/content-1.png]
[html.rrdevs.net/edcare/assets/img/icon/content-2.png]
[html.rrdevs.net/edcare/assets/img/bg-img/request-bg.png]
[html.rrdevs.net/edcare/assets/img/images/request-img-1.png]
[html.rrdevs.net/edcare/assets/img/shapes/req-shape-1.png]
[html.rrdevs.net/edcare/assets/img/blog/post-1.jpg]
[html.rrdevs.net/edcare/assets/img/blog/post-2.png]
[html.rrdevs.net/edcare/team.html]
[html.rrdevs.net/edcare/index.html]
[html.rrdevs.net/edcare/assets/img/bg-img/hero-bg.png]
[html.rrdevs.net/edcare/assets/img/shapes/hero-bg-shape.png]
[html.rrdevs.net/edcare/assets/img/images/faq-thumb-5.png]
[html.rrdevs.net/edcare/assets/img/shapes/hero-shape-11.png]
[html.rrdevs.net/edcare/assets/img/shapes/hero-shape-12.png]
[html.rrdevs.net/edcare/assets/img/shapes/feature-shape-3.png]
[html.rrdevs.net/edcare/assets/img/shapes/feature-shape-4.png]
[html.rrdevs.net/edcare/assets/img/service/course-img-4.png]
[html.rrdevs.net/edcare/assets/img/service/course-img-5.png]
[html.rrdevs.net/edcare/assets/img/service/course-img-6.png]
[html.rrdevs.net/edcare/assets/img/service/course-img-7.png]
[html.rrdevs.net/edcare/assets/img/images/course-author-4.png]
[html.rrdevs.net/edcare/assets/img/icon/feature-1.png]
[html.rrdevs.net/edcare/assets/img/icon/feature-2.png]
[html.rrdevs.net/edcare/assets/img/icon/feature-3.png]
[html.rrdevs.net/edcare/assets/img/icon/feature-4.png]
[html.rrdevs.net/edcare/assets/img/icon/feature-5.png]
[html.rrdevs.net/edcare/assets/img/icon/feature-6.png]
[html.rrdevs.net/edcare/assets/img/bg-img/cta-bg-img.png]
[html.rrdevs.net/edcare/assets/img/shapes/dot-shape.png]
[html.rrdevs.net/edcare/assets/img/shapes/cta-shape-2.png]
[html.rrdevs.net/edcare/assets/img/images/faq-img-2.png]
[html.rrdevs.net/edcare/assets/img/images/faq-img-3.png]
[html.rrdevs.net/edcare/assets/img/images/faq-img-4.png]
[html.rrdevs.net/edcare/assets/img/team/team-5.png]
[html.rrdevs.net/edcare/assets/img/team/team-6.png]
[html.rrdevs.net/edcare/assets/img/team/team-7.png]
[html.rrdevs.net/edcare/assets/img/team/team-8.png]
[html.rrdevs.net/edcare/assets/img/shapes/testi-shape-1.png]
[html.rrdevs.net/edcare/assets/img/shapes/testi-shape-2.png]
[html.rrdevs.net/edcare/assets/img/images/testi-author-1.png]
[html.rrdevs.net/edcare/assets/img/images/testi-author-2.png]
[html.rrdevs.net/edcare/assets/img/images/testi-author-4.png]
[html.rrdevs.net/edcare/assets/img/blog/post-4.png]
[html.rrdevs.net/edcare/assets/img/blog/post-5.png]
[html.rrdevs.net/edcare/assets/img/blog/post-6.png]
[html.rrdevs.net/edcare/index-2.html]
[html.rrdevs.net/edcare/assets/img/shapes/hero-bottom-shape.png]
[html.rrdevs.net/edcare/assets/img/shapes/hero-shape-13.png]
[html.rrdevs.net/edcare/assets/img/shapes/hero-shape-14.png]
[html.rrdevs.net/edcare/assets/img/shapes/hero-shape-15.png]
[html.rrdevs.net/edcare/assets/img/images/hero-men-3.png]
[html.rrdevs.net/edcare/assets/img/icon/promo-icon-1.png]
[html.rrdevs.net/edcare/assets/img/icon/promo-icon-2.png]
[html.rrdevs.net/edcare/assets/img/icon/promo-icon-3.png]
[html.rrdevs.net/edcare/assets/img/icon/promo-icon-4.png]
[html.rrdevs.net/edcare/assets/img/shapes/about-shape-1.png]
[html.rrdevs.net/edcare/assets/img/shapes/about-shape-2.png]
[html.rrdevs.net/edcare/assets/img/shapes/about-shape-3.png]
[html.rrdevs.net/edcare/assets/img/images/about-img-3.png]
[html.rrdevs.net/edcare/assets/img/bg-img/cta-bg.png]
[html.rrdevs.net/edcare/assets/img/shapes/feature-shape-1.png]
[html.rrdevs.net/edcare/assets/img/shapes/feature-shape-2.png]
[html.rrdevs.net/edcare/assets/img/service/course-img-8.png]
[html.rrdevs.net/edcare/assets/img/service/course-img-9.png]
[html.rrdevs.net/edcare/assets/img/images/author-img-1.png]
[html.rrdevs.net/edcare/assets/img/service/course-img-10.png]
[html.rrdevs.net/edcare/assets/img/service/course-img-11.png]
[html.rrdevs.net/edcare/assets/img/service/course-img-12.png]
[html.rrdevs.net/edcare/assets/img/service/course-img-13.png]
[html.rrdevs.net/edcare/assets/img/images/course-feature-1.png]
[html.rrdevs.net/edcare/service-details.html]
[html.rrdevs.net/edcare/assets/img/images/course-feature-2.png]
[html.rrdevs.net/edcare/assets/img/images/course-feature-3.png]
[html.rrdevs.net/edcare/assets/img/images/course-feature-4.png]
[html.rrdevs.net/edcare/assets/img/team/team-9.png]
[html.rrdevs.net/edcare/assets/img/team/team-10.png]
[html.rrdevs.net/edcare/assets/img/team/team-11.png]
[html.rrdevs.net/edcare/assets/img/team/team-12.png]
[html.rrdevs.net/edcare/assets/img/shapes/sponsor-shape.png]
[html.rrdevs.net/edcare/assets/img/shapes/sponsor-1.png]
[html.rrdevs.net/edcare/assets/img/shapes/sponsor-2.png]
[html.rrdevs.net/edcare/assets/img/sponsor/sponsor-1.png]
[html.rrdevs.net/edcare/assets/img/sponsor/sponsor-2.png]
[html.rrdevs.net/edcare/assets/img/sponsor/sponsor-3.png]
[html.rrdevs.net/edcare/assets/img/sponsor/sponsor-4.png]
[html.rrdevs.net/edcare/assets/img/blog/post-7.png]
[html.rrdevs.net/edcare/assets/img/blog/post-8.png]
[html.rrdevs.net/edcare/assets/img/blog/post-9.png]
[html.rrdevs.net/edcare/assets/img/images/popular-men-1.png]
[html.rrdevs.net/edcare/assets/img/shapes/popular-shape-1.png]
[html.rrdevs.net/edcare/assets/img/shapes/popular-shape-2.png]
[html.rrdevs.net/edcare/assets/img/images/popular-men-2.png]
[html.rrdevs.net/edcare/assets/img/logo/logo-2.png]
[html.rrdevs.net/edcare/index-3.html]
[html.rrdevs.net/edcare/assets/img/shapes/hero-shape-16.png]
[html.rrdevs.net/edcare/assets/img/shapes/hero-shape-17.png]
[html.rrdevs.net/edcare/assets/img/shapes/hero-shape-18.png]
[html.rrdevs.net/edcare/assets/img/shapes/hero-shape-19.png]
[html.rrdevs.net/edcare/assets/img/shapes/hero-img-shape-3.png]
[html.rrdevs.net/edcare/assets/img/shapes/hero-img-shape-4.png]
[html.rrdevs.net/edcare/assets/img/images/hero-img-2.png]
[html.rrdevs.net/edcare/assets/img/icon/feature-icon-1.png]
[html.rrdevs.net/edcare/assets/img/icon/feature-icon-2.png]
[html.rrdevs.net/edcare/assets/img/icon/feature-icon-3.png]
[html.rrdevs.net/edcare/assets/img/images/about-img-4.png]
[html.rrdevs.net/edcare/assets/img/images/event-img-1.png]
[html.rrdevs.net/edcare/assets/img/images/event-img-2.png]
[html.rrdevs.net/edcare/assets/img/images/event-img-3.png]
[html.rrdevs.net/edcare/assets/img/shapes/testi-shape-3.png]
[html.rrdevs.net/edcare/assets/img/shapes/testi-shape-4.png]
[html.rrdevs.net/edcare/assets/img/images/testi-author-3.png]
[html.rrdevs.net/edcare/assets/img/blog/post-10.png]
[html.rrdevs.net/edcare/assets/img/blog/post-11.png]
[html.rrdevs.net/edcare/assets/img/blog/post-12.png]
[html.rrdevs.net/edcare/assets/img/blog/post-13.png]
[html.rrdevs.net/edcare/assets/img/images/insta-img-1.png]
[html.rrdevs.net/edcare/assets/img/images/insta-img-2.png]
[html.rrdevs.net/edcare/assets/img/images/insta-img-3.png]
[html.rrdevs.net/edcare/assets/img/images/insta-img-4.png]
[html.rrdevs.net/edcare/assets/img/images/insta-img-5.png]
[html.rrdevs.net/edcare/assets/img/images/insta-img-6.png]
[html.rrdevs.net/edcare/index-4.html]
[html.rrdevs.net/edcare/assets/img/shapes/hero-shape-9.png]
[html.rrdevs.net/edcare/assets/img/shapes/hero-shape-10.png]
[html.rrdevs.net/edcare/assets/img/shapes/hero-img-shape-1.png]
[html.rrdevs.net/edcare/assets/img/shapes/hero-img-shape-2.png]
[html.rrdevs.net/edcare/assets/img/images/hero-men-1.png]
[html.rrdevs.net/edcare/assets/img/images/hero-men-2.png]
[html.rrdevs.net/edcare/assets/img/icon/promo-1.png]
[html.rrdevs.net/edcare/assets/img/icon/promo-2.png]
[html.rrdevs.net/edcare/assets/img/icon/promo-3.png]
[html.rrdevs.net/edcare/assets/img/images/content-img-4.png]
[html.rrdevs.net/edcare/assets/img/images/video-img-1.png]
[html.rrdevs.net/edcare/assets/img/images/video-img-2.png]
[html.rrdevs.net/edcare/assets/img/shapes/team-shape-3.png]
[html.rrdevs.net/edcare/assets/img/team/team-men-1.png]
[html.rrdevs.net/edcare/assets/img/team/team-men-2.png]
[html.rrdevs.net/edcare/assets/img/team/team-men-3.png]
[html.rrdevs.net/edcare/assets/img/team/team-men-4.png]
[html.rrdevs.net/edcare/assets/img/shapes/event-1.png]
[html.rrdevs.net/edcare/assets/img/shapes/event-2.png]
[html.rrdevs.net/edcare/assets/img/shapes/event-3.png]
[html.rrdevs.net/edcare/assets/img/shapes/event-4.png]
[html.rrdevs.net/edcare/assets/img/images/event-img-4.png]
[html.rrdevs.net/edcare/assets/img/images/event-img-5.png]
[html.rrdevs.net/edcare/index-5.html]
[html.rrdevs.net/edcare/assets/img/new-update/shapes/header-shape.png]
[html.rrdevs.net/edcare/assets/img/new-update/hero-img-1.png]
[html.rrdevs.net/edcare/assets/img/new-update/shapes/hero-shape-1.png]
[html.rrdevs.net/edcare/assets/img/new-update/shapes/hero-shape-2.png]
[html.rrdevs.net/edcare/assets/img/new-update/shapes/service-bg-shape.png]
[html.rrdevs.net/edcare/assets/img/new-update/service-img-1.png]
[html.rrdevs.net/edcare/assets/img/new-update/service-img-2.png]
[html.rrdevs.net/edcare/assets/img/new-update/service-img-3.png]
[html.rrdevs.net/edcare/assets/img/new-update/content-img-1.png]
[html.rrdevs.net/edcare/assets/img/new-update/content-img-2.png]
[html.rrdevs.net/edcare/assets/img/new-update/content-img-3.png]
[html.rrdevs.net/edcare/assets/img/new-update/course-img-1.png]
[html.rrdevs.net/edcare/assets/img/new-update/course-img-2.png]
[html.rrdevs.net/edcare/assets/img/new-update/shapes/team-bg-shape.png]
[html.rrdevs.net/edcare/assets/img/new-update/team-img-1.png]
[html.rrdevs.net/edcare/assets/img/new-update/team-img-2.png]
[html.rrdevs.net/edcare/assets/img/new-update/team-img-3.png]
[html.rrdevs.net/edcare/assets/img/new-update/faq-img-1.png]
[html.rrdevs.net/edcare/assets/img/new-update/shapes/testi-bg-img.png]
[html.rrdevs.net/edcare/assets/img/new-update/event-img-1.png]
[html.rrdevs.net/edcare/assets/img/new-update/event-author-1.png]
[html.rrdevs.net/edcare/assets/img/new-update/event-img-2.png]
[html.rrdevs.net/edcare/assets/img/new-update/event-img-3.png]
[html.rrdevs.net/edcare/assets/img/new-update/event-img-4.png]
[html.rrdevs.net/edcare/assets/img/new-update/register-img.png]
[html.rrdevs.net/edcare/assets/img/new-update/shapes/register-shape.png]
[html.rrdevs.net/edcare/assets/img/new-update/shapes/blog-bg-shape.png]
[html.rrdevs.net/edcare/assets/img/new-update/blog-img-1.png]
[html.rrdevs.net/edcare/assets/img/new-update/blog-img-2.png]
[html.rrdevs.net/edcare/assets/img/new-update/blog-img-3.png]
[html.rrdevs.net/edcare/assets/img/new-update/shapes/footer-bg-shape.png]
[html.rrdevs.net/edcare/index-6.html]
[html.rrdevs.net/edcare/assets/img/new-update/hero-img-2.png]
[html.rrdevs.net/edcare/assets/img/new-update/hero-img-3.png]
[html.rrdevs.net/edcare/assets/img/icon/about-3.png]
[html.rrdevs.net/edcare/assets/img/new-update/icon/category-icon-1.png]
[html.rrdevs.net/edcare/assets/img/new-update/icon/category-icon-2.png]
[html.rrdevs.net/edcare/assets/img/new-update/icon/category-icon-3.png]
[html.rrdevs.net/edcare/assets/img/new-update/icon/category-icon-4.png]
[html.rrdevs.net/edcare/assets/img/new-update/icon/category-icon-5.png]
[html.rrdevs.net/edcare/assets/img/new-update/course-img-3.png]
[html.rrdevs.net/edcare/assets/img/new-update/course-img-4.png]
[html.rrdevs.net/edcare/assets/img/new-update/course-img-5.png]
[html.rrdevs.net/edcare/assets/img/new-update/insta-img-1.png]
[html.rrdevs.net/edcare/assets/img/new-update/insta-img-2.png]
[html.rrdevs.net/edcare/assets/img/new-update/insta-img-3.png]
[html.rrdevs.net/edcare/assets/img/new-update/insta-img-4.png]
[html.rrdevs.net/edcare/assets/img/new-update/insta-img-5.png]
[html.rrdevs.net/edcare/assets/img/new-update/insta-img-6.png]
[html.rrdevs.net/edcare/index-7.html]
[html.rrdevs.net/edcare/assets/img/new-update/shapes/hero-bg-shape-1.png]
[html.rrdevs.net/edcare/assets/img/new-update/shapes/hero-bg-shape-2.png]
[html.rrdevs.net/edcare/assets/img/new-update/shapes/hero-bg-shape-3.png]
[html.rrdevs.net/edcare/assets/img/new-update/shapes/hero-shape-5.png]
[html.rrdevs.net/edcare/assets/img/new-update/shapes/hero-shape-4.png]
[html.rrdevs.net/edcare/assets/img/new-update/shapes/hero-shape-3.png]
[html.rrdevs.net/edcare/assets/img/new-update/hero-img-4.png]
[html.rrdevs.net/edcare/assets/img/new-update/icon/youtube.png]
[html.rrdevs.net/edcare/assets/img/new-update/icon/cap.png]
[html.rrdevs.net/edcare/assets/img/new-update/icon/cat-icon-1.png]
[html.rrdevs.net/edcare/assets/img/new-update/shapes/category-shape-1.png]
[html.rrdevs.net/edcare/assets/img/new-update/icon/cat-icon-2.png]
[html.rrdevs.net/edcare/assets/img/new-update/icon/cat-icon-3.png]
[html.rrdevs.net/edcare/assets/img/new-update/icon/cat-icon-4.png]
[html.rrdevs.net/edcare/assets/img/new-update/icon/cat-icon-5.png]
[html.rrdevs.net/edcare/assets/img/new-update/icon/cat-icon-6.png]
[html.rrdevs.net/edcare/assets/img/new-update/icon/service-promo-1.png]
[html.rrdevs.net/edcare/assets/img/new-update/icon/service-promo-2.png]
[html.rrdevs.net/edcare/assets/img/new-update/icon/service-promo-3.png]
[html.rrdevs.net/edcare/assets/img/new-update/icon/service-promo-4.png]
[html.rrdevs.net/edcare/assets/img/new-update/icon/service-promo-5.png]
[html.rrdevs.net/edcare/assets/img/new-update/about-img-1.png]
[html.rrdevs.net/edcare/assets/img/new-update/about-img-2.png]
[html.rrdevs.net/edcare/assets/img/new-update/video-img.png]
[html.rrdevs.net/edcare/assets/img/new-update/icon/video-icon-1.png]
[html.rrdevs.net/edcare/assets/img/new-update/icon/video-icon-2.png]
[html.rrdevs.net/edcare/assets/img/new-update/icon/video-icon-3.png]
[html.rrdevs.net/edcare/assets/img/new-update/icon/video-icon-4.png]
[html.rrdevs.net/edcare/assets/img/new-update/shapes/course-bg-img.png]
[html.rrdevs.net/edcare/assets/img/images/course-img-4.png]
[html.rrdevs.net/edcare/assets/img/images/course-img-5.png]
[html.rrdevs.net/edcare/assets/img/images/course-author-5.png]
[html.rrdevs.net/edcare/assets/img/new-update/shapes/choose-us-bg.png]
[html.rrdevs.net/edcare/assets/img/new-update/shapes/content-shape-1.png]
[html.rrdevs.net/edcare/assets/img/new-update/content-img-4.png]
[html.rrdevs.net/edcare/index-8.html]
[html.rrdevs.net/edcare/assets/img/new-update/shapes/hero-shape-6.png]
[html.rrdevs.net/edcare/assets/img/new-update/shapes/hero-shape-7.png]
[html.rrdevs.net/edcare/assets/img/new-update/shapes/hero-shape-8.png]
[html.rrdevs.net/edcare/assets/img/new-update/shapes/hero-shape-9.png]
[html.rrdevs.net/edcare/assets/img/new-update/hero-men-1.png]
[html.rrdevs.net/edcare/assets/img/new-update/shapes/hero-img-shape-1.png]
[html.rrdevs.net/edcare/assets/img/new-update/shapes/hero-img-shape-2.png]
[html.rrdevs.net/edcare/assets/img/new-update/shapes/lang-shape-1.png]
[html.rrdevs.net/edcare/assets/img/new-update/shapes/lang-shape-2.png]
[html.rrdevs.net/edcare/assets/img/new-update/shapes/lang-shape-3.png]
[html.rrdevs.net/edcare/assets/img/new-update/lang-course-1.png]
[html.rrdevs.net/edcare/assets/img/new-update/lang-course-2.png]
[html.rrdevs.net/edcare/assets/img/new-update/lang-course-3.png]
[html.rrdevs.net/edcare/assets/img/new-update/lang-course-4.png]
[html.rrdevs.net/edcare/assets/img/new-update/lang-course-5.png]
[html.rrdevs.net/edcare/assets/img/new-update/lang-course-6.png]
[html.rrdevs.net/edcare/assets/img/new-update/lang-course-7.png]
[html.rrdevs.net/edcare/assets/img/new-update/lang-course-8.png]
[html.rrdevs.net/edcare/assets/img/new-update/shapes/lang-exam-bg-shape.png]
[html.rrdevs.net/edcare/assets/img/new-update/lang-exam-1.png]
[html.rrdevs.net/edcare/assets/img/new-update/lang-programe-1.png]
[html.rrdevs.net/edcare/assets/img/new-update/lang-programe-2.png]
[html.rrdevs.net/edcare/assets/img/new-update/lang-programe-3.png]
[html.rrdevs.net/edcare/assets/img/new-update/shapes/about-shape-1.png]
[html.rrdevs.net/edcare/assets/img/new-update/shapes/about-shape-2.png]
[html.rrdevs.net/edcare/assets/img/new-update/shapes/about-shape-3.png]
[html.rrdevs.net/edcare/assets/img/new-update/about-img-3.png]
[html.rrdevs.net/edcare/assets/img/new-update/icon/about-1.png]
[html.rrdevs.net/edcare/assets/img/new-update/icon/about-2.png]
[html.rrdevs.net/edcare/assets/img/new-update/icon/about-3.png]
[html.rrdevs.net/edcare/assets/img/new-update/icon/cat-icon-7.png]
[html.rrdevs.net/edcare/assets/img/new-update/icon/cat-icon-8.png]
[html.rrdevs.net/edcare/assets/img/new-update/icon/cat-icon-9.png]
[html.rrdevs.net/edcare/assets/img/new-update/shapes/testi-shape-1.png]
[html.rrdevs.net/edcare/assets/img/new-update/icon/quote.png]
[html.rrdevs.net/edcare/assets/img/new-update/post-3.png]
[html.rrdevs.net/edcare/assets/img/new-update/post-1.png]
[html.rrdevs.net/edcare/assets/img/new-update/post-2.png]
[html.rrdevs.net/edcare/assets/img/new-update/shapes/subscribe-shape-1.png]
[html.rrdevs.net/edcare/assets/img/new-update/shapes/subscribe-shape-2.png]
[html.rrdevs.net/edcare/index-9.html]
[html.rrdevs.net/edcare/assets/img/new-update-2/hero-men-1.png]
[html.rrdevs.net/edcare/assets/img/new-update-2/hero-men-2.png]
[html.rrdevs.net/edcare/assets/img/new-update-2/shapes/hero-shape-1.png]
[html.rrdevs.net/edcare/assets/img/new-update-2/shapes/hero-shape-2.png]
[html.rrdevs.net/edcare/assets/img/new-update-2/shapes/hero-shape-3.png]
[html.rrdevs.net/edcare/assets/img/new-update-2/shapes/about-shape-1.png]
[html.rrdevs.net/edcare/assets/img/new-update-2/about-img-1.png]
[html.rrdevs.net/edcare/assets/img/new-update-2/about-img-2.png]
[html.rrdevs.net/edcare/assets/img/new-update-2/shapes/feature-course-shape.png]
[html.rrdevs.net/edcare/assets/img/new-update-2/icon/cat-icon-1.png]
[html.rrdevs.net/edcare/assets/img/new-update-2/icon/cat-icon-2.png]
[html.rrdevs.net/edcare/assets/img/new-update-2/icon/cat-icon-3.png]
[html.rrdevs.net/edcare/assets/img/new-update-2/icon/cat-icon-4.png]
[html.rrdevs.net/edcare/assets/img/new-update-2/icon/cat-icon-5.png]
[html.rrdevs.net/edcare/assets/img/new-update-2/icon/cat-icon-6.png]
[html.rrdevs.net/edcare/assets/img/new-update-2/icon/cat-icon-7.png]
[html.rrdevs.net/edcare/assets/img/new-update-2/icon/cat-icon-8.png]
[html.rrdevs.net/edcare/assets/img/new-update-2/shapes/appoint-shape.png]
[html.rrdevs.net/edcare/assets/img/new-update-2/faq-img.png]
[html.rrdevs.net/edcare/index-10.html]
[html.rrdevs.net/edcare/assets/img/new-update-2/slider-img-1.png]
[html.rrdevs.net/edcare/assets/img/new-update-2/slider-img-2.png]
[html.rrdevs.net/edcare/assets/img/new-update-2/slider-img-3.png]
[html.rrdevs.net/edcare/assets/img/new-update-2/slider-bullet-1.png]
[html.rrdevs.net/edcare/assets/img/new-update-2/slider-bullet-2.png]
[html.rrdevs.net/edcare/assets/img/new-update-2/slider-bullet-3.png]
[html.rrdevs.net/edcare/assets/img/new-update-2/shapes/about-shape-2.png]
[html.rrdevs.net/edcare/assets/img/new-update-2/shapes/about-shape-3.png]
[html.rrdevs.net/edcare/assets/img/new-update-2/about-img-3.png]
[html.rrdevs.net/edcare/assets/img/new-update-2/about-img-4.png]
[html.rrdevs.net/edcare/assets/img/new-update-2/icon/about-1.png]
[html.rrdevs.net/edcare/assets/img/new-update-2/icon/about-2.png]
[html.rrdevs.net/edcare/assets/img/new-update-2/icon/about-3.png]
[html.rrdevs.net/edcare/assets/img/new-update-2/icon/about-4.png]
[html.rrdevs.net/edcare/assets/img/new-update-2/course-img-1.png]
[html.rrdevs.net/edcare/assets/img/new-update-2/course-img-2.png]
[html.rrdevs.net/edcare/assets/img/new-update-2/course-img-3.png]
[html.rrdevs.net/edcare/assets/img/new-update-2/course-img-4.png]
[html.rrdevs.net/edcare/assets/img/new-update-2/course-img-5.png]
[html.rrdevs.net/edcare/assets/img/new-update-2/shapes/cta-shape-2.png]
[html.rrdevs.net/edcare/assets/img/new-update-2/shapes/cta-shape-3.png]
[html.rrdevs.net/edcare/assets/img/new-update-2/shapes/cta-shape-4.png]
[html.rrdevs.net/edcare/assets/img/new-update-2/cta-img.png]
[html.rrdevs.net/edcare/assets/img/new-update-2/shapes/cta-shape-1.png]
[html.rrdevs.net/edcare/assets/img/new-update-2/cta-men.png]
[html.rrdevs.net/edcare/assets/img/new-update-2/icon/offer-1.png]
[html.rrdevs.net/edcare/assets/img/new-update-2/icon/offer-2.png]
[html.rrdevs.net/edcare/assets/img/new-update-2/icon/offer-3.png]
[html.rrdevs.net/edcare/assets/img/new-update-2/icon/offer-4.png]
[html.rrdevs.net/edcare/assets/img/new-update-2/offer-img.png]
[html.rrdevs.net/edcare/assets/img/new-update-2/shapes/testi-shape-1.png]
[html.rrdevs.net/edcare/assets/js/slider.js]
[html.rrdevs.net/edcare/index-11.html]
[html.rrdevs.net/edcare/assets/img/new-update-3/shapes/hero-shape-1.png]
[html.rrdevs.net/edcare/assets/img/new-update-3/shapes/hero-shape-2.png]
[html.rrdevs.net/edcare/assets/img/new-update-3/shapes/hero-shape-3.png]
[html.rrdevs.net/edcare/assets/img/new-update-3/hero-img-1.png]
[html.rrdevs.net/edcare/assets/img/new-update-3/hero-img-2.png]
[html.rrdevs.net/edcare/assets/img/new-update-3/hero-img-3.png]
[html.rrdevs.net/edcare/assets/img/new-update-3/hero-img-4.png]
[html.rrdevs.net/edcare/assets/img/new-update-3/exam-img-1.png]
[html.rrdevs.net/edcare/assets/img/new-update-3/exam-img-2.png]
[html.rrdevs.net/edcare/assets/img/new-update-3/exam-img-3.png]
[html.rrdevs.net/edcare/assets/img/new-update-3/exam-img-4.png]
[html.rrdevs.net/edcare/assets/img/new-update-3/icon/fd-icon-1.png]
[html.rrdevs.net/edcare/assets/img/new-update-3/fd-img-1.png]
[html.rrdevs.net/edcare/assets/img/new-update-3/shapes/explore-shape-1.png]
[html.rrdevs.net/edcare/assets/img/new-update-3/shapes/explore-shape-2.png]
[html.rrdevs.net/edcare/assets/img/new-update-3/explore-img-1.png]
[html.rrdevs.net/edcare/assets/img/new-update-3/explore-img-2.png]
[html.rrdevs.net/edcare/assets/img/new-update-3/explore-img-3.png]
[html.rrdevs.net/edcare/assets/img/new-update-3/icon/counter-1.png]
[html.rrdevs.net/edcare/assets/img/new-update-3/icon/counter-2.png]
[html.rrdevs.net/edcare/assets/img/new-update-3/icon/counter-3.png]
[html.rrdevs.net/edcare/assets/img/new-update-3/icon/counter-4.png]
[html.rrdevs.net/edcare/assets/img/new-update-3/shapes/team-shape-1.png]
[html.rrdevs.net/edcare/assets/img/new-update-3/shapes/team-shape-2.png]
[html.rrdevs.net/edcare/assets/img/new-update-3/shapes/team-line.png]
[html.rrdevs.net/edcare/assets/img/new-update-3/team-1.png]
[html.rrdevs.net/edcare/assets/img/new-update-3/team-2.png]
[html.rrdevs.net/edcare/assets/img/new-update-3/team-3.png]
[html.rrdevs.net/edcare/assets/img/new-update-3/team-4.png]
[html.rrdevs.net/edcare/assets/img/new-update-3/shapes/blog-shape-1.png]
[html.rrdevs.net/edcare/assets/img/new-update-3/shapes/blog-shape-2.png]
[html.rrdevs.net/edcare/assets/img/new-update-3/post-1.png]
[html.rrdevs.net/edcare/assets/img/new-update-3/post-2.png]
[html.rrdevs.net/edcare/index-12.html]
[html.rrdevs.net/edcare/assets/img/new-update-4/shapes/hero-shape-1.png]
[html.rrdevs.net/edcare/assets/img/new-update-4/shapes/hero-shape-2.png]
[html.rrdevs.net/edcare/assets/img/new-update-4/shapes/hero-shape-3.png]
[html.rrdevs.net/edcare/assets/img/new-update-4/shapes/hero-shape-4.png]
[html.rrdevs.net/edcare/assets/img/new-update-4/hero-men-1.png]
[html.rrdevs.net/edcare/assets/img/new-update-4/feature-img-1.png]
[html.rrdevs.net/edcare/assets/img/new-update-4/feature-img-2.png]
[html.rrdevs.net/edcare/assets/img/new-update-4/shapes/about-shape-1.png]
[html.rrdevs.net/edcare/assets/img/new-update-4/shapes/about-shape-2.png]
[html.rrdevs.net/edcare/assets/img/new-update-4/about-img-1.png]
[html.rrdevs.net/edcare/assets/img/new-update-4/service-img-1.png]
[html.rrdevs.net/edcare/assets/img/new-update-4/service-img-2.png]
[html.rrdevs.net/edcare/assets/img/new-update-4/service-img-3.png]
[html.rrdevs.net/edcare/assets/img/new-update-4/shapes/team-shape-1.png]
[html.rrdevs.net/edcare/assets/img/new-update-4/team-img-1.png]
[html.rrdevs.net/edcare/assets/img/new-update-4/team-img-2.png]
[html.rrdevs.net/edcare/assets/img/new-update-4/team-img-3.png]
[html.rrdevs.net/edcare/assets/img/new-update-4/team-img-4.png]
[html.rrdevs.net/edcare/assets/img/new-update-4/icon/counter-1.png]
[html.rrdevs.net/edcare/assets/img/new-update-4/icon/counter-2.png]
[html.rrdevs.net/edcare/assets/img/new-update-4/icon/counter-3.png]
[html.rrdevs.net/edcare/assets/img/new-update-4/icon/counter-4.png]
[html.rrdevs.net/edcare/assets/img/new-update-4/testi-bg.svg]
[html.rrdevs.net/edcare/assets/img/new-update-4/icon/quote.png]
[html.rrdevs.net/edcare/assets/img/new-update-4/post-1.png]
[html.rrdevs.net/edcare/assets/img/new-update-4/post-auhto-1.png]
[html.rrdevs.net/edcare/assets/img/new-update-4/post-2.png]
[html.rrdevs.net/edcare/assets/img/new-update-4/post-auhto-2.png]
[html.rrdevs.net/edcare/assets/img/new-update-4/post-3.png]
[html.rrdevs.net/edcare/assets/img/new-update-4/post-auhto-3.png]
[html.rrdevs.net/edcare/index-13.html]
[html.rrdevs.net/edcare/assets/img/new-update-5/slider-img-3.png]
[html.rrdevs.net/edcare/assets/img/new-update-5/slider-img-2.png]
[html.rrdevs.net/edcare/assets/img/new-update-5/slider-img-1.png]
[html.rrdevs.net/edcare/assets/img/new-update-5/slider-thumb-1.png]
[html.rrdevs.net/edcare/assets/img/new-update-5/slider-thumb-2.png]
[html.rrdevs.net/edcare/assets/img/new-update-5/slider-thumb-3.png]
[html.rrdevs.net/edcare/assets/img/new-update-4/shapes/feature-shape-2.png]
[html.rrdevs.net/edcare/assets/img/new-update-5/shapes/feature-item-shape.png]
[html.rrdevs.net/edcare/assets/img/new-update-4/icon/feature-1.png]
[html.rrdevs.net/edcare/assets/img/new-update-4/icon/feature-2.png]
[html.rrdevs.net/edcare/assets/img/new-update-4/icon/feature-3.png]
[html.rrdevs.net/edcare/assets/img/new-update-4/shapes/cate-shape-1.png]
[html.rrdevs.net/edcare/assets/img/new-update-4/shapes/cate-shape-2.png]
[html.rrdevs.net/edcare/assets/img/new-update-4/category-img-1.png]
[html.rrdevs.net/edcare/assets/img/new-update-4/category-img-2.png]
[html.rrdevs.net/edcare/assets/img/new-update-4/category-img-3.png]
[html.rrdevs.net/edcare/assets/img/new-update-4/category-img-4.png]
[html.rrdevs.net/edcare/assets/img/new-update-4/category-img-5.png]
[html.rrdevs.net/edcare/assets/img/new-update-4/category-img-6.png]
[html.rrdevs.net/edcare/assets/img/new-update-4/category-img-7.png]
[html.rrdevs.net/edcare/assets/img/new-update-4/category-img-8.png]
[html.rrdevs.net/edcare/assets/img/new-update-4/content-img.png]
[html.rrdevs.net/edcare/assets/img/new-update-4/course-img-1.png]
[html.rrdevs.net/edcare/assets/img/new-update-4/course-img-2.png]
[html.rrdevs.net/edcare/assets/img/new-update-4/course-img-3.png]
[html.rrdevs.net/edcare/assets/img/new-update-4/course-img-4.png]
[html.rrdevs.net/edcare/assets/img/new-update-4/course-img-5.png]
[html.rrdevs.net/edcare/assets/img/new-update-4/growth-img-1.png]
[html.rrdevs.net/edcare/assets/img/new-update-4/growth-img-2.png]
[html.rrdevs.net/edcare/assets/img/new-update-4/icon/gowth-1.png]
[html.rrdevs.net/edcare/assets/img/new-update-4/shapes/testi-shape-1.png]
[html.rrdevs.net/edcare/assets/img/new-update-4/shapes/testi-shape-2.png]
[html.rrdevs.net/edcare/assets/img/new-update-4/team-img-5.png]
[html.rrdevs.net/edcare/assets/img/new-update-4/team-img-6.png]
[html.rrdevs.net/edcare/assets/img/new-update-4/team-img-7.png]
[html.rrdevs.net/edcare/index-14.html]
[html.rrdevs.net/edcare/assets/img/new-update-4/shapes/hero-shape-6.png]
[html.rrdevs.net/edcare/assets/img/new-update-4/shapes/hero-shape-7.png]
[html.rrdevs.net/edcare/assets/img/new-update-4/shapes/hero-shape-8.png]
[html.rrdevs.net/edcare/assets/img/new-update-4/hero-img-1.png]
[html.rrdevs.net/edcare/assets/img/new-update-4/shapes/about-shape-3.png]
[html.rrdevs.net/edcare/assets/img/new-update-4/shapes/about-shape-4.png]
[html.rrdevs.net/edcare/assets/img/new-update-4/shapes/about-shape-5.png]
[html.rrdevs.net/edcare/assets/img/new-update-4/shapes/about-shape-6.png]
[html.rrdevs.net/edcare/assets/img/new-update-4/shapes/about-shape-7.png]
[html.rrdevs.net/edcare/assets/img/new-update-4/about-img-2.png]
[html.rrdevs.net/edcare/assets/img/new-update-4/about-img-3.png]
[html.rrdevs.net/edcare/assets/img/new-update-4/video-img-2.png]
[html.rrdevs.net/edcare/assets/img/new-update-4/course-img-6.png]
[html.rrdevs.net/edcare/assets/img/new-update-4/course-img-7.png]
[html.rrdevs.net/edcare/assets/img/new-update-4/course-img-8.png]
[html.rrdevs.net/edcare/assets/img/new-update-4/cta-bg-img.png]
[html.rrdevs.net/edcare/assets/img/new-update-4/icon/footer-icon.svg]
[html.rrdevs.net/edcare/index-15.html]
[html.rrdevs.net/edcare/assets/img/new-update-4/icon/hero-1.png]
[html.rrdevs.net/edcare/assets/img/new-update-4/icon/hero-2.png]
[html.rrdevs.net/edcare/assets/img/new-update-4/hero-img-3.png]
[html.rrdevs.net/edcare/assets/img/new-update-4/shapes/hero-shape-9.png]
[html.rrdevs.net/edcare/assets/img/new-update-4/shapes/hero-shape-10.png]
[html.rrdevs.net/edcare/assets/img/new-update-4/shapes/hero-shape-11.png]
[html.rrdevs.net/edcare/assets/img/new-update-4/icon/promo-1.png]
[html.rrdevs.net/edcare/assets/img/new-update-4/icon/promo-2.png]
[html.rrdevs.net/edcare/assets/img/new-update-4/icon/promo-3.png]
[html.rrdevs.net/edcare/assets/img/new-update-4/ct-img-1.png]
[html.rrdevs.net/edcare/assets/img/new-update-4/ct-img-2.png]
[html.rrdevs.net/edcare/assets/img/new-update-4/ct-img-3.png]
[html.rrdevs.net/edcare/assets/img/new-update-4/ct-img-4.png]
[html.rrdevs.net/edcare/assets/img/new-update-4/ct-img-5.png]
[html.rrdevs.net/edcare/assets/img/new-update-4/ct-img-6.png]
[html.rrdevs.net/edcare/assets/img/new-update-4/ct-img-7.png]
[html.rrdevs.net/edcare/assets/img/new-update-4/ct-img-8.png]
[html.rrdevs.net/edcare/assets/img/service/course-img-14.png]
[html.rrdevs.net/edcare/assets/img/service/course-img-15.png]
[html.rrdevs.net/edcare/assets/img/images/course-author-6.png]
[html.rrdevs.net/edcare/assets/img/new-update-4/faq-img-1.png]
[html.rrdevs.net/edcare/assets/img/new-update-4/faq-img-2.png]
[html.rrdevs.net/edcare/assets/img/new-update-4/post-4.png]
[html.rrdevs.net/edcare/assets/img/new-update-4/post-5.png]
[html.rrdevs.net/edcare/assets/img/new-update-4/post-6.png]
[html.rrdevs.net/edcare/index-16.html]
[html.rrdevs.net/edcare/assets/img/new-update-4/shapes/hero-bg-shape-1.png]
[html.rrdevs.net/edcare/assets/img/new-update-4/hero-men-2.png]
[html.rrdevs.net/edcare/assets/img/new-update-4/icon/hero-3.png]
[html.rrdevs.net/edcare/assets/img/new-update-4/icon/hero-4.png]
[html.rrdevs.net/edcare/assets/img/new-update-4/icon/hero-5.png]
[html.rrdevs.net/edcare/assets/img/new-update-4/icon/counter-icon-1.png]
[html.rrdevs.net/edcare/assets/img/new-update-4/icon/counter-icon-2.png]
[html.rrdevs.net/edcare/assets/img/new-update-4/icon/counter-icon-3.png]
[html.rrdevs.net/edcare/assets/img/new-update-4/icon/counter-icon-4.png]
[html.rrdevs.net/edcare/assets/img/new-update-4/about-img-4.png]
[html.rrdevs.net/edcare/assets/img/new-update-5/icon/about-counter.png]
[html.rrdevs.net/edcare/assets/img/new-update-4/shapes/feature-shape-3.png]
[html.rrdevs.net/edcare/assets/img/new-update-4/shapes/feature-shape-4.png]
[html.rrdevs.net/edcare/assets/img/new-update-4/shapes/feature-shape-5.png]
[html.rrdevs.net/edcare/assets/img/new-update-4/shapes/feature-shape-6.png]
[html.rrdevs.net/edcare/assets/img/new-update-4/icon/feature-4.png]
[html.rrdevs.net/edcare/assets/img/new-update-4/icon/feature-5.png]
[html.rrdevs.net/edcare/assets/img/new-update-4/icon/feature-6.png]
[html.rrdevs.net/edcare/assets/img/new-update-4/icon/feature-7.png]
[html.rrdevs.net/edcare/assets/img/new-update-4/icon/feature-8.png]
[html.rrdevs.net/edcare/assets/img/new-update-4/icon/feature-9.png]
[html.rrdevs.net/edcare/assets/img/new-update-4/shapes/course-shape-1.png]
[html.rrdevs.net/edcare/assets/img/new-update-4/course-img-9.png]
[html.rrdevs.net/edcare/assets/img/new-update-4/course-img-10.png]
[html.rrdevs.net/edcare/assets/img/new-update-4/post-7.png]
[html.rrdevs.net/edcare/assets/img/new-update-4/post-8.png]
[html.rrdevs.net/edcare/assets/img/new-update-4/post-10.png]
[html.rrdevs.net/edcare/assets/img/new-update-5/shapes/footer-shape-1.png]
[html.rrdevs.net/edcare/assets/img/new-update-5/shapes/footer-shape-2.png]
[html.rrdevs.net/edcare/assets/img/new-update-5/shapes/footer-shape-3.png]
[html.rrdevs.net/edcare/index-17.html]
[html.rrdevs.net/edcare/assets/img/new-update-5/shapes/hero-shape-1.png]
[html.rrdevs.net/edcare/assets/img/new-update-5/shapes/hero-shape-2.png]
[html.rrdevs.net/edcare/assets/img/new-update-5/shapes/hero-shape-3.png]
[html.rrdevs.net/edcare/assets/img/new-update-5/hero-img-1.png]
[html.rrdevs.net/edcare/assets/img/new-update-5/hero-img-2.png]
[html.rrdevs.net/edcare/assets/img/new-update-5/about-img-1.png]
[html.rrdevs.net/edcare/assets/img/new-update-5/about-img-2.png]
[html.rrdevs.net/edcare/assets/img/new-update-5/about-img-3.png]
[html.rrdevs.net/edcare/assets/img/new-update-5/shapes/category-shape-1.png]
[html.rrdevs.net/edcare/assets/img/new-update-5/shapes/category-shape-2.png]
[html.rrdevs.net/edcare/assets/img/new-update-5/icon/category-1.png]
[html.rrdevs.net/edcare/assets/img/new-update-5/icon/category-2.png]
[html.rrdevs.net/edcare/assets/img/new-update-5/icon/category-3.png]
[html.rrdevs.net/edcare/assets/img/new-update-5/icon/category-4.png]
[html.rrdevs.net/edcare/assets/img/new-update-5/icon/category-5.png]
[html.rrdevs.net/edcare/assets/img/new-update-5/icon/category-6.png]
[html.rrdevs.net/edcare/assets/img/new-update-5/icon/category-7.png]
[html.rrdevs.net/edcare/assets/img/new-update-5/icon/category-8.png]
[html.rrdevs.net/edcare/assets/img/new-update-5/cta-bg-img.png]
[html.rrdevs.net/edcare/assets/img/new-update-5/shapes/cta-shape-1.png]
[html.rrdevs.net/edcare/assets/img/new-update-5/promo-img-1.png]
[html.rrdevs.net/edcare/assets/img/new-update-5/icon/promo-1.png]
[html.rrdevs.net/edcare/assets/img/new-update-5/promo-img-2.png]
[html.rrdevs.net/edcare/assets/img/new-update-5/icon/promo-2.png]
[html.rrdevs.net/edcare/assets/img/new-update-5/promo-img-3.png]
[html.rrdevs.net/edcare/assets/img/new-update-5/icon/promo-3.png]
[html.rrdevs.net/edcare/assets/img/new-update-5/team-1.png]
[html.rrdevs.net/edcare/assets/img/new-update-5/team-2.png]
[html.rrdevs.net/edcare/assets/img/new-update-5/team-3.png]
[html.rrdevs.net/edcare/assets/img/new-update-5/shapes/event-bg-shape.png]
[html.rrdevs.net/edcare/assets/img/new-update-5/event-img-1.png]
[html.rrdevs.net/edcare/index-18.html]
[html.rrdevs.net/edcare/assets/css/carouselTicker.css]
[html.rrdevs.net/edcare/assets/img/new-update-5/hero-img-3.png]
[html.rrdevs.net/edcare/assets/img/new-update-5/shapes/hero-bg-shape-1.png]
[html.rrdevs.net/edcare/assets/img/new-update-5/shapes/hero-bg-shape-2.png]
[html.rrdevs.net/edcare/assets/img/new-update-5/shapes/hero-shape-4.png]
[html.rrdevs.net/edcare/assets/img/new-update-5/shapes/hero-shape-5.png]
[html.rrdevs.net/edcare/assets/img/new-update-5/about-img-4.png]
[html.rrdevs.net/edcare/assets/img/new-update-5/shapes/course-shape-1.png]
[html.rrdevs.net/edcare/assets/img/new-update-5/shapes/course-shape-2.png]
[html.rrdevs.net/edcare/assets/img/new-update-5/shapes/course-shape-3.png]
[html.rrdevs.net/edcare/assets/img/new-update-5/shapes/course-shape-4.png]
[html.rrdevs.net/edcare/assets/img/new-update-5/shapes/course-shape-5.png]
[html.rrdevs.net/edcare/assets/img/new-update-5/video-bg-img.png]
[html.rrdevs.net/edcare/assets/img/new-update-5/shapes/counter-shape-1.png]
[html.rrdevs.net/edcare/assets/img/new-update-5/icon/counter-1.png]
[html.rrdevs.net/edcare/assets/img/new-update-5/icon/counter-2.png]
[html.rrdevs.net/edcare/assets/img/new-update-5/icon/counter-3.png]
[html.rrdevs.net/edcare/assets/img/new-update-5/icon/counter-4.png]
[html.rrdevs.net/edcare/assets/img/new-update-5/shapes/blog-shape-1.png]
[html.rrdevs.net/edcare/assets/img/new-update-5/shapes/blog-shape-2.png]
[html.rrdevs.net/edcare/index-19.html]
[html.rrdevs.net/edcare/assets/img/new-update-5/shapes/hero-shape-6.png]
[html.rrdevs.net/edcare/assets/img/new-update-5/shapes/hero-shape-7.png]
[html.rrdevs.net/edcare/assets/img/new-update-5/shapes/hero-shape-8.png]
[html.rrdevs.net/edcare/assets/img/new-update-5/shapes/hero-shape-9.png]
[html.rrdevs.net/edcare/assets/img/new-update-5/shapes/hero-shape-10.png]
[html.rrdevs.net/edcare/assets/img/new-update-5/shapes/hero-shape-11.png]
[html.rrdevs.net/edcare/assets/img/new-update-5/shapes/hero-shape-12.png]
[html.rrdevs.net/edcare/assets/img/new-update-5/hero-img-4.png]
[html.rrdevs.net/edcare/assets/img/new-update-5/icon/feature-1.png]
[html.rrdevs.net/edcare/assets/img/new-update-5/icon/feature-2.png]
[html.rrdevs.net/edcare/assets/img/new-update-5/icon/feature-3.png]
[html.rrdevs.net/edcare/assets/img/new-update-5/about-img-5.png]
[html.rrdevs.net/edcare/assets/img/new-update-5/shapes/course-bg-shape.png]
[html.rrdevs.net/edcare/assets/img/new-update-5/shapes/nl-shape-1.png]
[html.rrdevs.net/edcare/assets/img/new-update-5/shapes/nl-shape-2.png]
[html.rrdevs.net/edcare/assets/img/new-update-5/team-4.png]
[html.rrdevs.net/edcare/assets/img/new-update-5/team-5.png]
[html.rrdevs.net/edcare/assets/img/new-update-5/team-6.png]
[html.rrdevs.net/edcare/assets/img/new-update-5/team-7.png]
[html.rrdevs.net/edcare/assets/img/new-update-5/shapes/pricing-shape-1.png]
[html.rrdevs.net/edcare/assets/img/new-update-5/shapes/pricing-shape-2.png]
[html.rrdevs.net/edcare/assets/img/new-update-5/shapes/event-shape-1.png]
[html.rrdevs.net/edcare/assets/img/new-update-5/shapes/event-shape-2.png]
[html.rrdevs.net/edcare/assets/img/new-update-5/shapes/event-shape-3.png]
[html.rrdevs.net/edcare/assets/img/new-update-5/shapes/event-shape-4.png]
[html.rrdevs.net/edcare/assets/img/new-update-5/event-img-5.png]
[html.rrdevs.net/edcare/assets/img/new-update-5/shapes/footer-cta-shape-1.png]
[html.rrdevs.net/edcare/assets/img/new-update-5/shapes/footer-cta-shape-2.png]
[html.rrdevs.net/edcare/assets/img/new-update-5/laptop.png]
[html.rrdevs.net/edcare/index-20.html]
[html.rrdevs.net/edcare/assets/img/new-update-5/hero-img-5.png]
[html.rrdevs.net/edcare/assets/img/new-update-5/shapes/hero-bg-shape-3.png]
[html.rrdevs.net/edcare/assets/img/new-update-5/icon/cta-1.png]
[html.rrdevs.net/edcare/assets/img/new-update-5/icon/cta-2.png]
[html.rrdevs.net/edcare/assets/img/new-update-5/icon/cta-3.png]
[html.rrdevs.net/edcare/assets/img/new-update-5/icon/cta-4.png]
[html.rrdevs.net/edcare/assets/img/new-update-5/icon/cta-5.png]
[html.rrdevs.net/edcare/assets/img/new-update-5/icon/cta-6.png]
[html.rrdevs.net/edcare/assets/img/new-update-5/icon/cta-7.png]
[html.rrdevs.net/edcare/assets/img/new-update-5/cta-img.png]
[html.rrdevs.net/edcare/assets/img/new-update-5/popular-img-1.png]
[html.rrdevs.net/edcare/assets/img/new-update-5/popular-img-2.png]
[html.rrdevs.net/edcare/assets/img/new-update-5/shapes/about-shape-1.png]
[html.rrdevs.net/edcare/assets/img/new-update-5/shapes/about-shape-2.png]
[html.rrdevs.net/edcare/assets/img/new-update-5/about-img-6.png]
[html.rrdevs.net/edcare/assets/img/new-update-5/icon/about-1.png]
[html.rrdevs.net/edcare/assets/img/new-update-5/icon/about-2.png]
[html.rrdevs.net/edcare/assets/img/new-update-5/shapes/book-shape-1.png]
[html.rrdevs.net/edcare/assets/img/new-update-5/shapes/book-shape-2.png]
[html.rrdevs.net/edcare/assets/img/new-update-5/shapes/book-shape-3.png]
[html.rrdevs.net/edcare/assets/img/new-update-5/shapes/step-line.png]
[html.rrdevs.net/edcare/assets/img/new-update-5/icon/step-1.png]
[html.rrdevs.net/edcare/assets/img/new-update-5/step-img-1.png]
[html.rrdevs.net/edcare/assets/img/new-update-5/shapes/step-line-2.png]
[html.rrdevs.net/edcare/assets/img/new-update-5/step-img-2.png]
[html.rrdevs.net/edcare/assets/img/new-update-5/icon/step-2.png]
[html.rrdevs.net/edcare/assets/img/new-update-5/icon/step-3.png]
[html.rrdevs.net/edcare/assets/img/new-update-5/step-img-3.png]
[html.rrdevs.net/edcare/assets/img/new-update-5/event-img-2.png]
[html.rrdevs.net/edcare/assets/img/new-update-5/event-img-3.png]
[html.rrdevs.net/edcare/assets/img/new-update-5/event-img-4.png]
[html.rrdevs.net/edcare/index-21.html]
[html.rrdevs.net/edcare/course.html]
[html.rrdevs.net/edcare/assets/img/service/course-details-img.png]
[html.rrdevs.net/edcare/assets/img/service/course-details-author.png]
[html.rrdevs.net/edcare/team-details.html]
[html.rrdevs.net/edcare/assets/img/shop/review-list-1.jpg]
[html.rrdevs.net/edcare/assets/img/shop/review-list-2.jpg]
[html.rrdevs.net/edcare/course-details.html]
[html.rrdevs.net/edcare/assets/img/shop/shop-1.png]
[html.rrdevs.net/edcare/assets/img/shop/shop-2.png]
[html.rrdevs.net/edcare/assets/img/shop/shop-3.png]
[html.rrdevs.net/edcare/assets/img/shop/shop-4.png]
[html.rrdevs.net/edcare/assets/img/shop/shop-6.png]
[html.rrdevs.net/edcare/assets/img/shop/shop-7.png]
[html.rrdevs.net/edcare/assets/img/shop/shop-8.png]
[html.rrdevs.net/edcare/assets/img/shop/shop-5.png]
[html.rrdevs.net/edcare/shop.html]
[html.rrdevs.net/edcare/assets/img/shop/shop-slider-1.png]
[html.rrdevs.net/edcare/assets/img/shop/shop-slider-2.png]
[html.rrdevs.net/edcare/assets/img/shop/shop-slider-3.png]
[html.rrdevs.net/edcare/assets/img/shop/shop-details-img.png]
[html.rrdevs.net/edcare/shop-details.html]
[html.rrdevs.net/edcare/cart.html]
[html.rrdevs.net/edcare/wishlist.html]
[html.rrdevs.net/edcare/checkout.html]
[html.rrdevs.net/edcare/assets/img/icon/about-feature-1.png]
[html.rrdevs.net/edcare/about.html]
[html.rrdevs.net/edcare/teachers.html]
[html.rrdevs.net/edcare/pricing.html]
[html.rrdevs.net/edcare/couse-details.html]
[html.rrdevs.net/edcare/assets/img/images/event-img-6.png]
[html.rrdevs.net/edcare/assets/img/images/event-img-7.png]
[html.rrdevs.net/edcare/assets/img/images/event-img-8.png]
[html.rrdevs.net/edcare/assets/img/images/event-img-9.png]
[html.rrdevs.net/edcare/assets/img/images/event-img-10.png]
[html.rrdevs.net/edcare/event.html]
[html.rrdevs.net/edcare/assets/img/images/event-details.png]
[html.rrdevs.net/edcare/event-details.html]
[html.rrdevs.net/edcare/assets/img/images/error-img.png]
[html.rrdevs.net/edcare/error-page.html]
[html.rrdevs.net/edcare/assets/img/blog/inner-post-1.png]
[html.rrdevs.net/edcare/assets/img/blog/inner-post-2.png]
[html.rrdevs.net/edcare/assets/img/blog/inner-post-3.png]
[html.rrdevs.net/edcare/assets/img/blog/inner-post-4.png]
[html.rrdevs.net/edcare/assets/img/blog/inner-post-5.png]
[html.rrdevs.net/edcare/assets/img/blog/inner-post-6.png]
[html.rrdevs.net/edcare/assets/img/blog/inner-post-7.png]
[html.rrdevs.net/edcare/assets/img/blog/inner-post-8.png]
[html.rrdevs.net/edcare/assets/img/blog/inner-post-9.png]
[html.rrdevs.net/edcare/blog-grid.html]
[html.rrdevs.net/edcare/assets/img/blog/post-inner-1.png]
[html.rrdevs.net/edcare/assets/img/blog/post-inner-2.png]
[html.rrdevs.net/edcare/assets/img/blog/post-inner-3.png]
[html.rrdevs.net/edcare/assets/img/blog/post-inner-4.png]
[html.rrdevs.net/edcare/assets/img/blog/post-inner-5.png]
[html.rrdevs.net/edcare/blog.html]
[html.rrdevs.net/edcare/blog-list.html]
[html.rrdevs.net/edcare/assets/js/contact.js]
[html.rrdevs.net/edcare/contact.html]
[html.rrdevs.net/edcare/service.html]
[html.rrdevs.net/edcare/assets/js/vendor/jquary-3.6.0.min.js]
[html.rrdevs.net/edcare/GET]
[html.rrdevs.net/edcare/assets/js/vendor/modernizr-2.8.3-respond-1.4.2.min.js]
[html.rrdevs.net/edcare/assets/js/vendor/bootstrap-bundle.js]
[html.rrdevs.net/edcare/assets/js/vendor/jquery.isotope.js]
[html.rrdevs.net/edcare/assets/js/vendor/waypoints.min.js]
[html.rrdevs.net/edcare/assets/js/vendor/moment.min.js]
[html.rrdevs.net/edcare/assets/js/vendor/daterangepicker.min.js]
[html.rrdevs.net/edcare/assets/js/vendor/venobox.min.js]
[html.rrdevs.net/edcare/assets/js/vendor/odometer.min.js]
[html.rrdevs.net/edcare/assets/js/vendor/countdown.js]
[html.rrdevs.net/edcare/assets/js/vendor/meanmenu.js]
[html.rrdevs.net/edcare/assets/js/vendor/smooth-scroll.js]
[html.rrdevs.net/edcare/assets/js/vendor/imagesloaded-pkgd.js]
[html.rrdevs.net/edcare/assets/js/vendor/wow.min.js]
[html.rrdevs.net/edcare/assets/js/vendor/jquery.carouselTicker.js]
[html.rrdevs.net/edcare/assets/js/vendor/nice-select.js]
[html.rrdevs.net/edcare/assets/js/vendor/swiper.min.js]
[html.rrdevs.net/edcare/assets/js/main.js]
[html.rrdevs.net/edcare/assets/font/fa-v4compatibility.html]
[html.rrdevs.net/edcare/assets/font/fa-v4compatibility-2.html]
[html.rrdevs.net/edcare/assets/img/cross.html]
[html.rrdevs.net/edcare/team.html]
[html.rrdevs.net/edcare/service-details.html]
[html.rrdevs.net/edcare/assets/js/slider.js]
[html.rrdevs.net/edcare/assets/img/new-update-4/testi-bg.svg]
[html.rrdevs.net/edcare/assets/img/new-update-4/icon/footer-icon.svg]
[html.rrdevs.net/edcare/assets/images/loader.gif]
[html.rrdevs.net/edcare/assets/css/carouselTicker.css]
[html.rrdevs.net/edcare/team-details.html]
[html.rrdevs.net/edcare/couse-details.html]
[html.rrdevs.net/edcare/assets/js/contact.js]
[html.rrdevs.net/edcare/GET.html]
[html.rrdevs.net/edcare/assets/images/loader.html]
